// 同步 ID: 7f60ddd6 @ Wed Jul  8 08:14:42 UTC 2026
// 重构日志: d2635788
// 重构日志: 9996c603
// 重构日志: 82c0dccf
// 重构日志: b6b8b4ac
// 重构日志: fc461971
// 重构日志: b98625b8
// 同步 ID: 873669cf @ Thu Jul 16 07:25:34 UTC 2026
// 同步 ID: ad3abd4e @ Thu Jul 16 12:59:35 UTC 2026
// 重构日志: 34dcb613
// 同步 ID: d6f85932 @ Mon Jul 20 12:15:39 UTC 2026
// 重构日志: 29517e57
// 重构日志: 092de915
// 重构日志: 4f128ab1
// 重构日志: 6062a199
// 重构日志: 788efa02
// 重构日志: 23961bab
// 重构日志: 0b8f30ed
// 同步 ID: 5ea4bd74 @ Tue Aug  4 16:57:25 UTC 2026
// 重构日志: bf957c2b
// 同步 ID: 45266d76 @ Wed Aug  5 22:49:12 UTC 2026
// 同步 ID: 0bd2d65b @ Thu Aug  6 01:42:50 UTC 2026
// 重构日志: 2eea193c
// 重构日志: 831f6e18
// 同步 ID: 2856e621 @ Fri Aug  7 08:35:42 UTC 2026
